
chfar@DESKTOP-D9G4KEE MINGW64 ~/Desktop/gitClonePractice
$ git status
fatal: not a git repository (or any of the parent directories): .git

chfar@DESKTOP-D9G4KEE MINGW64 ~/Desktop/gitClonePractice
$ git clone https://github.com/farhantariq619/assignmentCodeFiles.git
Cloning into 'assignmentCodeFiles'...
remote: Enumerating objects: 8, done.
remote: Counting objects: 100% (8/8), done.
remote: Compressing objects: 100% (6/6), done.
remote: Total 8 (delta 1), reused 0 (delta 0), pack-reused 0
Receiving objects: 100% (8/8), 3.82 KiB | 783.00 KiB/s, done.
Resolving deltas: 100% (1/1), done.

chfar@DESKTOP-D9G4KEE MINGW64 ~/Desktop/gitClonePractice
$ pwd
/c/Users/chfar/Desktop/gitClonePractice

chfar@DESKTOP-D9G4KEE MINGW64 ~/Desktop/gitClonePractice
$ ls
assignmentCodeFiles/  flutter/

chfar@DESKTOP-D9G4KEE MINGW64 ~/Desktop/gitClonePractice
$ git status
fatal: not a git repository (or any of the parent directories): .git

chfar@DESKTOP-D9G4KEE MINGW64 ~/Desktop/gitClonePractice
$ cd assignmentCodeFiles

chfar@DESKTOP-D9G4KEE MINGW64 ~/Desktop/gitClonePractice/assignmentCodeFiles (main)
$ git status
On branch main
Your branch is up to date with 'origin/main'.

nothing to commit, working tree clean

chfar@DESKTOP-D9G4KEE MINGW64 ~/Desktop/gitClonePractice/assignmentCodeFiles (main)
$ git status
On branch main
Your branch is up to date with 'origin/main'.

Changes not staged for commit:
  (use "git add <file>..." to update what will be committed)
  (use "git restore <file>..." to discard changes in working directory)
        modified:   README.md

no changes added to commit (use "git add" and/or "git commit -a")

chfar@DESKTOP-D9G4KEE MINGW64 ~/Desktop/gitClonePractice/assignmentCodeFiles (main)
$ git commit -m "commit changed README.txt file"
On branch main
Your branch is up to date with 'origin/main'.

Changes not staged for commit:
  (use "git add <file>..." to update what will be committed)
  (use "git restore <file>..." to discard changes in working directory)
        modified:   README.md

no changes added to commit (use "git add" and/or "git commit -a")

chfar@DESKTOP-D9G4KEE MINGW64 ~/Desktop/gitClonePractice/assignmentCodeFiles (main)
$ git add README.txt
fatal: pathspec 'README.txt' did not match any files

chfar@DESKTOP-D9G4KEE MINGW64 ~/Desktop/gitClonePractice/assignmentCodeFiles (main)
$ git add README.md

chfar@DESKTOP-D9G4KEE MINGW64 ~/Desktop/gitClonePractice/assignmentCodeFiles (main)
$ git commit -m "commit changed README.md file"
[main fb925ee] commit changed README.md file
 1 file changed, 2 insertions(+), 1 deletion(-)

chfar@DESKTOP-D9G4KEE MINGW64 ~/Desktop/gitClonePractice/assignmentCodeFiles (main)
$ git status
On branch main
Your branch is ahead of 'origin/main' by 1 commit.
  (use "git push" to publish your local commits)

nothing to commit, working tree clean

chfar@DESKTOP-D9G4KEE MINGW64 ~/Desktop/gitClonePractice/assignmentCodeFiles (main)
$
